// Jest Snapshot v1, https://goo.gl/fbAQLP

exports[`generate: default.vue 1`] = `
"__vue__options__.__i18n = []
__vue__options__.__i18n.push('{\\"ja\\":{\\"hello\\":\\"こんにちは！\\"},\\"en\\":{\\"hello\\":\\"hello!\\"}}')"
`;

exports[`generate: json.vue 1`] = `
"__vue__options__.__i18n = []
__vue__options__.__i18n.push('{\\"ja\\":{\\"hello\\":\\"こんにちは！\\"},\\"en\\":{\\"hello\\":\\"hello!\\"}}')"
`;

exports[`generate: json-locale-import.vue 1`] = `
"__vue__options__.__i18n = []
__vue__options__.__i18n.push('{\\"ja\\":{\\"hello\\":\\"こんにちは！\\"},\\"en\\":{\\"hello\\":\\"hello!\\"}}')"
`;

exports[`generate: json5.vue 1`] = `
"__vue__options__.__i18n = []
__vue__options__.__i18n.push('{\\"ja\\":{\\"hello\\":\\"こんにちは！\\"},\\"en\\":{\\"hello\\":\\"hello!\\"}}')"
`;

exports[`generate: json5-locale-import.vue 1`] = `
"__vue__options__.__i18n = []
__vue__options__.__i18n.push('{\\"ja\\":{\\"hello\\":\\"こんにちは！\\"},\\"en\\":{\\"hello\\":\\"hello!\\"}}')"
`;

exports[`generate: yaml.vue 1`] = `
"__vue__options__.__i18n = []
__vue__options__.__i18n.push('{\\"ja\\":{\\"hello\\":\\"こんにちは！\\"},\\"en\\":{\\"hello\\":\\"hello!\\"}}')"
`;

exports[`generate: yaml-locale-import.vue 1`] = `
"__vue__options__.__i18n = []
__vue__options__.__i18n.push('{\\"ja\\":{\\"hello\\":\\"こんにちは！\\"},\\"en\\":{\\"hello\\":\\"hello!\\"}}')"
`;
